Copyright 1986-2022 Xilinx, Inc. All Rights Reserved. Copyright 2022-2024 Advanced Micro Devices, Inc. All Rights Reserved.
--------------------------------------------------------------------------------------------------------------------------------------------------------
| Tool Version : Vivado v.2024.1 (win64) Build 5076996 Wed May 22 18:37:14 MDT 2024
| Date         : Sun Sep 13 20:23:05 2026
| Host         : DEVDUTT running 64-bit major release  (build 9200)
| Command      : report_utilization -hierarchical -file D:/fault_tolerant_i2c_s8_817bd64/results/synthesis/baseline/baseline_post_synth_utilization.rpt
| Design       : i2c_master_baseline
| Device       : xc7a35tcpg236-1
| Speed File   : -1
| Design State : Synthesized
--------------------------------------------------------------------------------------------------------------------------------------------------------

Utilization Design Information

Table of Contents
-----------------
1. Utilization by Hierarchy

1. Utilization by Hierarchy
---------------------------

+-------------------------+-----------------+------------+------------+---------+------+-----+--------+--------+------------+
|         Instance        |      Module     | Total LUTs | Logic LUTs | LUTRAMs | SRLs | FFs | RAMB36 | RAMB18 | DSP Blocks |
+-------------------------+-----------------+------------+------------+---------+------+-----+--------+--------+------------+
| i2c_master_baseline     |           (top) |         87 |         87 |       0 |    0 |  66 |      0 |      0 |          0 |
|   (i2c_master_baseline) |           (top) |          0 |          0 |       0 |    0 |   0 |      0 |      0 |          0 |
|   u_core                | i2c_master_core |         87 |         87 |       0 |    0 |  66 |      0 |      0 |          0 |
+-------------------------+-----------------+------------+------------+---------+------+-----+--------+--------+------------+


